✔ un asset manque : aucune partie de la publication existante ne bouge (7.82125ms)
✔ les ressources non inventoriees ou alterees refusent la distribution (5.211125ms)
✔ un lien vers le depot ne peut devenir une sortie de publication (1.447041ms)
✔ les ressources precedent l index, le service worker vient en dernier (11.817792ms)
✖ les sources en lecture seule construisent ; un build refuse conserve l index (4256.014041ms)
ℹ tests 5
ℹ suites 0
ℹ pass 4
ℹ fail 1
ℹ cancelled 0
ℹ skipped 0
ℹ todo 0
ℹ duration_ms 4333.219791

✖ failing tests:

test at web/tests/publication.test.mjs:115:1
✖ les sources en lecture seule construisent ; un build refuse conserve l index (4256.014041ms)
  AssertionError [ERR_ASSERTION]: les parcours jouables survivent au build isolé
  + actual - expected

  + []
  - [
  -   {
  -     accroche: 'Une demande pressante. Un vote serré. Une décision à défendre.',
  -     chapitres: [
  -       'droit.organes.le-syndic-et-ses-missions',
  -       'droit.majorites.l-article-24',
  -       'droit.assemblee.le-proces-verbal-et-sa-notification'
  -     ],
  -     etiquettes: [
  -       'Les pouvoirs',
  -       'Le vote',
  -       'La trace'
  -     ],
  -     id: 'ag',
  -     limite: 'Cas fictifs du régime général ; la situation réelle exige les pièces et textes applicables.',
  -     metier: 'copro',
  -     promesse: 'Comprendre les rôles. Décider juste. Laisser une trace.',
  -     public: 'Gestionnaire de copropriété',
  -     rang: 1,
  -     titre: 'Tenir le fil d’une assemblée'
  -   },
  -   {
  -     accroche: 'Une discordance à repérer. Une information à transmettre.',
  -     chapitres: [
  -       'pharmaco.securite.les-cinq-b',
  -       'methodes.communication.les-transmissions-orales'
  -     ],
  -     etiquettes: [
  -       'La sécurité',
  -       'La transmission'
  -     ],
  -     id: 'soins',
  -     limite: 'Entraînement théorique ; les gestes et la compétence clinique se travaillent en formation supervisée.',
  -     metier: 'ifsi',
  -     promesse: 'Vérifier avant d’agir. Dire ce qui compte.',
  -     public: 'Étudiant en soins infirmiers',
  -     rang: 3,
  -     titre: 'Prendre soin commence ici'
  -   }
  - ]

      at TestContext.<anonymous> (file:///Users/jb/Code/academie/web/tests/publication.test.mjs:145:10)
      at Test.runInAsyncScope (node:async_hooks:214:14)
      at Test.run (node:internal/test_runner/test:1106:25)
      at Test.processPendingSubtests (node:internal/test_runner/test:788:18)
      at Test.postRun (node:internal/test_runner/test:1235:19)
      at Test.run (node:internal/test_runner/test:1163:12)
      at async Test.processPendingSubtests (node:internal/test_runner/test:788:7) {
    generatedMessage: false,
    code: 'ERR_ASSERTION',
    actual: [],
    expected: [ { id: 'ag', metier: 'copro', titre: 'Tenir le fil d’une assemblée', promesse: 'Comprendre les rôles. Décider juste. Laisser une trace.', accroche: 'Une demande pressante. Un vote serré. Une décision à défendre.', rang: 1, chapitres: [Array], etiquettes: [Array], public: 'Gestionnaire de copropriété', limite: 'Cas fictifs du régime général ; la situation réelle exige les pièces et textes applicables.' }, { id: 'soins', metier: 'ifsi', titre: 'Prendre soin commence ici', promesse: 'Vérifier avant d’agir. Dire ce qui compte.', accroche: 'Une discordance à repérer. Une information à transmettre.', rang: 3, chapitres: [Array], etiquettes: [Array], public: 'Étudiant en soins infirmiers', limite: 'Entraînement théorique ; les gestes et la compétence clinique se travaillent en formation supervisée.' } ],
    operator: 'deepStrictEqual',
    diff: 'simple'
  }
