
> academie-client@2.0.0 test
> vitest run && node --test tests/publication.test.mjs


 RUN  v2.1.8 /Users/jb/Code/academie/web

 ✓ tests/hotes.test.ts (55 tests) 14ms
 ✓ tests/voix.test.ts (25 tests) 12ms
 ✓ src/moteur/serviceabilite.test.ts (10 tests) 5ms
 ✓ src/moteur/journal.monotone.test.ts (7 tests) 11ms
 ✓ src/moteur/journal.relecture.test.ts (13 tests) 47ms
 ✓ src/moteur/parite.test.ts (39 tests) 33ms
 ✓ src/moteur/parite-arbre.test.ts (31 tests) 10ms
 ✓ src/moteur/journal.test.ts (18 tests) 115ms
 ✓ src/moteur/parite-semaine.test.ts (29 tests) 10ms
 ✓ src/moteur/etude.relecture.test.ts (8 tests) 7ms
 ✓ src/donnees/banque.test.ts (2 tests) 4ms
 ✓ src/moteur/etude.test.ts (4 tests) 5ms
 ✓ src/app/magasin.metier.test.ts (2 tests) 4ms
 ✓ src/donnees/api.etude.test.ts (13 tests) 4ms
 ✓ src/moteur/chronologie.test.ts (4 tests) 2ms
 ✓ src/donnees/api.test.ts (9 tests) 5ms
 ✓ src/app/magasin.test.ts (2 tests) 4ms

 Test Files  17 passed (17)
      Tests  271 passed (271)
   Start at  12:22:47
   Duration  1.00s (transform 519ms, setup 0ms, collect 1.28s, tests 292ms, environment 2ms, prepare 1.07s)

✔ un asset manque : aucune partie de la publication existante ne bouge (7.717583ms)
✔ les ressources non inventoriees ou alterees refusent la distribution (4.498625ms)
✔ un lien vers le depot ne peut devenir une sortie de publication (1.407209ms)
✔ les ressources precedent l index, le service worker vient en dernier (11.715333ms)
✔ les sources en lecture seule construisent ; un build refuse conserve l index (6438.610792ms)
ℹ tests 5
ℹ suites 0
ℹ pass 5
ℹ fail 0
ℹ cancelled 0
ℹ skipped 0
ℹ todo 0
ℹ duration_ms 6569.793584
