✓ chemins d'apprentissage
✓ couverture des cours bruts
✓ bibliothèque des brouillons
✓ couverture des spécialités
✓ frontières étude
✓ expérience pédagogique
✓ chronologie adversaire
✓ chronologie du journal
✓ moteur FSRS
✓ séance du jour
✓ carte-monde
✓ quiz + carnet d'erreurs
✓ chaîne donnée → écran
✓ chapitres v2
✓ preparation migration v2
✓ usine pas à pas
✓ programme
✓ programme IFSI 2026
✓ corrections copro et artefacts
✓ serveur d'état
✓ registre des sources
✓ rituel
✓ export Anki
✓ banque réelle — banque : 84 carte(s) — 4 brouillon, 4 signale, 76 valide
✓ chapitres réels — chapitres : 20 chapitre(s), 104 carte(s) — 12 brouillon, 92 valide ; notes A 26, B 66, C 12

TOUT VERT.
