
Running 8 tests using 1 worker

(node:60364) Warning: The 'NO_COLOR' env is ignored due to the 'FORCE_COLOR' env being set.
(Use `node --trace-warnings ...` to show where the warning was created)
  ✓  1 tests/onboarding/comptes.spec.ts:17:1 › deux comptes : contenu, sauvegarde, reconnexion, masquage et reprise hors ligne (2.9s)
  ✓  2 tests/onboarding/comptes.spec.ts:64:1 › un cookie changé par un autre onglet refuse la synchronisation (908ms)
  ✓  3 tests/onboarding/comptes.spec.ts:76:1 › accueil joignable connecté et ancien travail repris une seule fois (1.6s)
  ✓  4 tests/onboarding/comptes.spec.ts:126:1 › brouillon seul récupéré et accès indépendant du scope ancien (1.1s)
  ✓  5 tests/onboarding/comptes.spec.ts:148:1 › la clé remplace une phrase perdue et devient invalide (2.2s)
  ✓  6 tests/onboarding/comptes.spec.ts:185:1 › inscription avec cursus puis clic sur le pseudo et mot de passe (1.2s)
  ✘  7 tests/onboarding/comptes.spec.ts:211:1 › ajout de cursus, retour et brouillon conservé après rechargement (15.6s)
(node:60531) Warning: The 'NO_COLOR' env is ignored due to the 'FORCE_COLOR' env being set.
(Use `node --trace-warnings ...` to show where the warning was created)
  ✘  8 tests/onboarding/comptes.spec.ts:229:1 › la reprise du code conserve compte et brouillon local (16.1s)


  1) tests/onboarding/comptes.spec.ts:211:1 › ajout de cursus, retour et brouillon conservé après rechargement 

    Error: expect(locator).toHaveValue(expected) failed

    Locator: getByLabel('Ta réponse', { exact: true })
    Expected: "Brouillon personnel conservé"
    Timeout: 15000ms
    Error: element(s) not found

    Call log:
      - Expect "toHaveValue" with timeout 15000ms
      - waiting for getByLabel('Ta réponse', { exact: true })


      213 |  await inscrit(page,pseudo,'Gestion de copropriété');
      214 |  await page.getByLabel('Ta réponse',{exact:true}).fill('Brouillon personnel conservé');
    > 215 |  await page.reload();await expect(page.getByLabel('Ta réponse',{exact:true})).toHaveValue('Brouillon personnel conservé');
          |                                                                               ^
      216 |  await page.getByRole('button',{name:'Quitter l’étude',exact:true}).click();
      217 |  await page.getByRole('link',{name:'Mon compte',exact:true}).click();
      218 |  await page.getByRole('button',{name:/IFSI : de l’entrée aux spécialisations.*Ajouter et commencer/}).click();
        at /Users/jb/Code/academie/web/tests/onboarding/comptes.spec.ts:215:79

    Error Context: test-results/comptes-ajout-de-cursus-re-39a7c-conservé-après-rechargement/error-context.md

  2) tests/onboarding/comptes.spec.ts:229:1 › la reprise du code conserve compte et brouillon local 

    Error: expect(locator).toHaveValue(expected) failed

    Locator: getByLabel('Ta réponse', { exact: true })
    Expected: "Brouillon conservé pendant actualisation"
    Timeout: 15000ms
    Error: element(s) not found

    Call log:
      - Expect "toHaveValue" with timeout 15000ms
      - waiting for getByLabel('Ta réponse', { exact: true })


      237 |  expect((await (await secours.request.get('/academie/api/v1/profil')).json()).id).toBe(avant.id);
      238 |  await secours.getByRole('button',{name:'Commencer l’étude',exact:true}).click();
    > 239 |  await expect(secours.getByLabel('Ta réponse',{exact:true})).toHaveValue('Brouillon conservé pendant actualisation');
          |                                                              ^
      240 | });
      241 |
        at /Users/jb/Code/academie/web/tests/onboarding/comptes.spec.ts:239:62

    Error Context: test-results/comptes-la-reprise-du-code-cd341-e-compte-et-brouillon-local/error-context.md

  2 failed
    tests/onboarding/comptes.spec.ts:211:1 › ajout de cursus, retour et brouillon conservé après rechargement 
    tests/onboarding/comptes.spec.ts:229:1 › la reprise du code conserve compte et brouillon local ─
  6 passed (43.8s)
