FFF
======================================================================
FAIL: test_choix_cursus_dernier_evenement_et_rejeu (serveur.tests.test_rentree.Rentree.test_choix_cursus_dernier_evenement_et_rejeu)
----------------------------------------------------------------------
Traceback (most recent call last):
  File "/Users/jb/Code/academie/serveur/tests/test_rentree.py", line 24, in test_choix_cursus_dernier_evenement_et_rejeu
    self.assertEqual(s,200,b)
    ~~~~~~~~~~~~~~~~^^^^^^^^^
AssertionError: 422 != 200 : {'erreur': 'ligne-invalide', 'motif': 'Un seul cursus est actif par compte.', 'index': 0}

======================================================================
FAIL: test_secours_choisi_sans_retour_en_clair (serveur.tests.test_rentree.Rentree.test_secours_choisi_sans_retour_en_clair)
----------------------------------------------------------------------
Traceback (most recent call last):
  File "/Users/jb/Code/academie/serveur/tests/test_rentree.py", line 10, in test_secours_choisi_sans_retour_en_clair
    self.assertNotIn('cle_recuperation',p)
    ~~~~~~~~~~~~~~~~^^^^^^^^^^^^^^^^^^^^^^
AssertionError: 'cle_recuperation' unexpectedly found in {'id': 'fca04392-285a-43ab-a4e7-614797c280f9', 'titre_affiche': 'Essai secours', 'cree_le': '2026-09-07T05:56:10+00:00', 'reglages': {}, 'domaines': [], 'compte_personnel': True, 'suppression_demandee_le': None, 'cursus': None, 'cle_recuperation': '9DC9-0540-96E7-C692-ADD2-F597-FCAB-137D'}

======================================================================
FAIL: test_secours_court_ou_identique_refuse (serveur.tests.test_rentree.Rentree.test_secours_court_ou_identique_refuse)
----------------------------------------------------------------------
Traceback (most recent call last):
  File "/Users/jb/Code/academie/serveur/tests/test_rentree.py", line 18, in test_secours_court_ou_identique_refuse
    self.assertEqual(s,422)
    ~~~~~~~~~~~~~~~~^^^^^^^
AssertionError: 201 != 422

----------------------------------------------------------------------
Ran 3 tests in 0.446s

FAILED (failures=3)
