
 RUN  v2.1.8 /Users/jb/Code/academie/web

 ❯ src/ecrans/Barre.rentree.test.ts (1 test | 1 failed) 9ms
   × retire la boîte de la navigation et des anciennes adresses 8ms
     → expected '<nav aria-label="Académie" class="nav…' not to contain 'Boîte'

⎯⎯⎯⎯⎯⎯⎯ Failed Tests 1 ⎯⎯⎯⎯⎯⎯⎯

 FAIL  src/ecrans/Barre.rentree.test.ts > retire la boîte de la navigation et des anciennes adresses
AssertionError: expected '<nav aria-label="Académie" class="nav…' not to contain 'Boîte'

Expected: "Boîte"
Received: "<nav aria-label="Académie" class="navigation"><a class="marque-rail" href="#/" aria-label="Académie"><svg xmlns="http://www.w3.org/2000/svg" width="28" height="28" viewBox="0 0 24 24" fill="none" stroke="currentColor" stroke-width="1.2" stroke-linecap="round" stroke-linejoin="round" class="lucide lucide-book-open" aria-hidden="true"><path d="M12 5v16"></path><path d="M20.001 19A2 2 0 0022 17V5a2 2 0 00-1.999-2L16 3.002A5 5 0 0012 5a5 5 0 00-4-2H4a2 2 0 00-2 2v12a2 2 0 001.999 2H8a5 5 0 014 2 5 5 0 014-2z"></path></svg></a><button class="seance-rail" type="button" title="Séance" aria-label="Commencer une séance"><svg xmlns="http://www.w3.org/2000/svg" width="19" height="19" viewBox="0 0 24 24" fill="none" stroke="currentColor" stroke-width="2" stroke-linecap="round" stroke-linejoin="round" class="lucide lucide-play" aria-hidden="true"><path d="M5 5a2 2 0 0 1 3.008-1.728l11.997 6.998a2 2 0 0 1 .003 3.458l-12 7A2 2 0 0 1 5 19z"></path></svg></button><button type="button" aria-current="page" class="entree-nav"><svg xmlns="http://www.w3.org/2000/svg" width="22" height="22" viewBox="0 0 24 24" fill="none" stroke="currentColor" stroke-width="1.5" stroke-linecap="round" stroke-linejoin="round" class="lucide lucide-book-open" aria-hidden="true"><path d="M12 5v16"></path><path d="M20.001 19A2 2 0 0022 17V5a2 2 0 00-1.999-2L16 3.002A5 5 0 0012 5a5 5 0 00-4-2H4a2 2 0 00-2 2v12a2 2 0 001.999 2H8a5 5 0 014 2 5 5 0 014-2z"></path></svg><span>Apprendre</span></button><button type="button" class="entree-nav"><svg xmlns="http://www.w3.org/2000/svg" width="22" height="22" viewBox="0 0 24 24" fill="none" stroke="currentColor" stroke-width="1.5" stroke-linecap="round" stroke-linejoin="round" class="lucide lucide-network" aria-hidden="true"><rect x="16" y="16" width="6" height="6" rx="1"></rect><rect x="2" y="16" width="6" height="6" rx="1"></rect><rect x="9" y="2" width="6" height="6" rx="1"></rect><path d="M5 16v-3a1 1 0 0 1 1-1h12a1 1 0 0 1 1 1v3"></path><path d="M12 12V8"></path></svg><span>Arbre</span></button><button type="button" class="entree-nav"><svg xmlns="http://www.w3.org/2000/svg" width="22" height="22" viewBox="0 0 24 24" fill="none" stroke="currentColor" stroke-width="1.5" stroke-linecap="round" stroke-linejoin="round" class="lucide lucide-inbox" aria-hidden="true"><polyline points="22 12 16 12 14 15 10 15 8 12 2 12"></polyline><path d="M5.45 5.11 2 12v6a2 2 0 0 0 2 2h16a2 2 0 0 0 2-2v-6l-3.45-6.89A2 2 0 0 0 16.76 4H7.24a2 2 0 0 0-1.79 1.11z"></path></svg><span>Boîte</span></button><button type="button" class="entree-nav"><svg xmlns="http://www.w3.org/2000/svg" width="22" height="22" viewBox="0 0 24 24" fill="none" stroke="currentColor" stroke-width="1.5" stroke-linecap="round" stroke-linejoin="round" class="lucide lucide-users" aria-hidden="true"><path d="M16 21v-2a4 4 0 0 0-4-4H6a4 4 0 0 0-4 4v2"></path><path d="M16 3.128a4 4 0 0 1 0 7.744"></path><path d="M22 21v-2a4 4 0 0 0-3-3.87"></path><circle cx="9" cy="7" r="4"></circle></svg><span>Élèves</span></button><button type="button" class="entree-nav"><svg xmlns="http://www.w3.org/2000/svg" width="22" height="22" viewBox="0 0 24 24" fill="none" stroke="currentColor" stroke-width="1.5" stroke-linecap="round" stroke-linejoin="round" class="lucide lucide-user-round" aria-hidden="true"><circle cx="12" cy="8" r="5"></circle><path d="M20 21a8 8 0 0 0-16 0"></path></svg><span>Profil</span></button><a class="credits-rail" href="#/credits">Crédits</a></nav>"

 ❯ src/ecrans/Barre.rentree.test.ts:7:81
      5| import {analyse} from '../app/routage';
      6| it('retire la boîte de la navigation et des anciennes adresses',()=>{
      7|  expect(renderToStaticMarkup(createElement(Barre,{route:{nom:'accueil'…
       |                                                                                 ^
      8|  expect(analyse('#/boite').nom).toBe('accueil');
      9| });

⎯⎯⎯⎯⎯⎯⎯⎯⎯⎯⎯⎯⎯⎯⎯⎯⎯⎯⎯⎯⎯⎯⎯⎯[1/1]⎯

 Test Files  1 failed (1)
      Tests  1 failed (1)
   Start at  07:57:04
   Duration  533ms (transform 37ms, setup 0ms, collect 102ms, tests 9ms, environment 0ms, prepare 47ms)

