
Running 30 tests using 1 worker

(node:95301) Warning: The 'NO_COLOR' env is ignored due to the 'FORCE_COLOR' env being set.
(Use `node --trace-warnings ...` to show where the warning was created)
  ✓   1 [ordinateur] › tests/e2e/accueil-visuel.spec.ts:3:1 › le thème se choisit dès l’accueil et persiste après rechargement (416ms)
  ✓   2 [ordinateur] › tests/e2e/accueil-visuel.spec.ts:13:1 › les chapitres et le cas réel sont accessibles au téléphone dans les deux métiers (441ms)
  ✓   3 [ordinateur] › tests/e2e/direction-artistique.spec.ts:50:3 › direction artistique › aucun hexadécimal hors des tokens dans le CSS servi (107ms)
  ✓   4 [ordinateur] › tests/e2e/direction-artistique.spec.ts:79:3 › direction artistique › rien ne déborde, ni à 375 ni à 1280, ni à 200 % de texte (390ms)
  ✓   5 [ordinateur] › tests/e2e/direction-artistique.spec.ts:99:3 › direction artistique › les deux thèmes rendent, et l'encre n'est pas la couleur du fond (208ms)
  ✓   6 [ordinateur] › tests/e2e/direction-artistique.spec.ts:120:3 › direction artistique › le mouvement réduit est respecté (216ms)
  ✓   7 [ordinateur] › tests/e2e/direction-artistique.spec.ts:139:3 › direction artistique › la souris n'est jamais nécessaire dans une salle (422ms)
  ✓   8 [ordinateur] › tests/e2e/direction-artistique.spec.ts:182:3 › direction artistique › le focus se voit sur le chemin principal (287ms)
  ✓   9 [ordinateur] › tests/e2e/etude.relecture.spec.ts:28:1 › l'indice survit au rechargement de la tentative (431ms)
  ✓  10 [ordinateur] › tests/e2e/etude.relecture.spec.ts:40:1 › une réponse avec indice ne reçoit aucune note de rappel autonome (426ms)
  ✓  11 [ordinateur] › tests/e2e/etude.relecture.spec.ts:55:1 › un QCM conserve le choix initial et le retour après rechargement (602ms)
  ✓  12 [ordinateur] › tests/e2e/etude.spec.ts:3:1 › l'accueil conduit à une tentative et conserve la réponse après fermeture (490ms)
  ✓  13 [ordinateur] › tests/e2e/etude.spec.ts:19:1 › le métier IFSI ouvre ses propres contenus (284ms)
  ✓  14 [ordinateur] › tests/e2e/etude.spec.ts:27:1 › une étude entière hors ligne garde production et rappels, puis recommence sans ancien corrigé (846ms)
  ✓  15 [ordinateur] › tests/e2e/etude.spec.ts:52:1 › l'accueil et l'étude restent lisibles avec texte agrandi (242ms)
(node:95369) Warning: The 'NO_COLOR' env is ignored due to the 'FORCE_COLOR' env being set.
(Use `node --trace-warnings ...` to show where the warning was created)
  ✓  16 [telephone] › tests/e2e/accueil-visuel.spec.ts:3:1 › le thème se choisit dès l’accueil et persiste après rechargement (371ms)
  ✓  17 [telephone] › tests/e2e/accueil-visuel.spec.ts:13:1 › les chapitres et le cas réel sont accessibles au téléphone dans les deux métiers (450ms)
  ✓  18 [telephone] › tests/e2e/direction-artistique.spec.ts:50:3 › direction artistique › aucun hexadécimal hors des tokens dans le CSS servi (109ms)
  ✓  19 [telephone] › tests/e2e/direction-artistique.spec.ts:79:3 › direction artistique › rien ne déborde, ni à 375 ni à 1280, ni à 200 % de texte (396ms)
  ✓  20 [telephone] › tests/e2e/direction-artistique.spec.ts:99:3 › direction artistique › les deux thèmes rendent, et l'encre n'est pas la couleur du fond (204ms)
  ✓  21 [telephone] › tests/e2e/direction-artistique.spec.ts:120:3 › direction artistique › le mouvement réduit est respecté (277ms)
  ✓  22 [telephone] › tests/e2e/direction-artistique.spec.ts:139:3 › direction artistique › la souris n'est jamais nécessaire dans une salle (437ms)
  ✓  23 [telephone] › tests/e2e/direction-artistique.spec.ts:182:3 › direction artistique › le focus se voit sur le chemin principal (271ms)
  ✓  24 [telephone] › tests/e2e/etude.relecture.spec.ts:28:1 › l'indice survit au rechargement de la tentative (426ms)
  ✓  25 [telephone] › tests/e2e/etude.relecture.spec.ts:40:1 › une réponse avec indice ne reçoit aucune note de rappel autonome (421ms)
  ✓  26 [telephone] › tests/e2e/etude.relecture.spec.ts:55:1 › un QCM conserve le choix initial et le retour après rechargement (601ms)
  ✓  27 [telephone] › tests/e2e/etude.spec.ts:3:1 › l'accueil conduit à une tentative et conserve la réponse après fermeture (478ms)
  ✓  28 [telephone] › tests/e2e/etude.spec.ts:19:1 › le métier IFSI ouvre ses propres contenus (266ms)
  ✓  29 [telephone] › tests/e2e/etude.spec.ts:27:1 › une étude entière hors ligne garde production et rappels, puis recommence sans ancien corrigé (879ms)
  ✓  30 [telephone] › tests/e2e/etude.spec.ts:52:1 › l'accueil et l'étude restent lisibles avec texte agrandi (293ms)

  30 passed (13.0s)
