
> academie-client@2.0.0 build
> tsc --noEmit && vite build

vite v5.4.11 building for production...
transforming...
✓ 1884 modules transformed.
rendering chunks...
computing gzip size...
dist/registerSW.js                                            0.15 kB
dist/manifest.webmanifest                                     0.33 kB
dist/index.html                                               0.96 kB │ gzip:   0.49 kB
dist/catalogue.json                                           1.09 kB │ gzip:   0.52 kB
dist/images/frise-recouvrement-charges.svg                    4.95 kB │ gzip:   1.49 kB
dist/images/vmc-caisson-coupe.svg                             5.04 kB │ gzip:   1.57 kB
dist/voix.json                                                7.05 kB │ gzip:   2.71 kB
dist/assets/source-sans-3-latin-wght-normal-BqRLTx4X.woff2   28.74 kB
dist/assets/fraunces-latin-wght-normal-ukD16Tqj.woff2        36.62 kB
dist/banque.json                                            842.67 kB │ gzip: 122.84 kB
dist/assets/index-7G0RzL-E.css                               78.50 kB │ gzip:  16.43 kB
dist/assets/index-5f41r78y.js                               432.88 kB │ gzip: 133.62 kB
✓ built in 1.66s

PWA v0.21.1
mode      generateSW
precache  14 entries (1405.77 KiB)
files generated
  dist/sw.js
  dist/workbox-4bb8bbd8.js
