
> academie-client@2.0.0 test
> vitest run && node --test tests/publication.test.mjs


 RUN  v2.1.8 /private/tmp/academie-onboarding-20260905/web

 ✓ tests/hotes.test.ts (66 tests) 14ms
 ✓ src/moteur/progressionAvancee.test.ts (5 tests) 2ms
 ✓ src/moteur/serviceabilite.test.ts (10 tests) 11ms
 ✓ src/moteur/journal.monotone.test.ts (7 tests) 27ms
 ✓ src/moteur/parite-arbre.test.ts (31 tests) 8ms
 ✓ src/moteur/journal.relecture.test.ts (13 tests) 59ms
 ✓ src/moteur/parite-semaine.test.ts (29 tests) 14ms
 ✓ src/moteur/parite.test.ts (39 tests) 44ms
 ✓ src/moteur/journal.test.ts (18 tests) 120ms
 ✓ src/moteur/etude.relecture.test.ts (8 tests) 5ms
 ✓ tests/voix.test.ts (25 tests) 21ms
 ✓ src/donnees/api.etude.test.ts (13 tests) 4ms
 ✓ src/donnees/banque.test.ts (2 tests) 4ms
 ✓ src/moteur/etude.test.ts (4 tests) 5ms
 ✓ src/app/compte.test.ts (3 tests) 6ms
 ✓ src/donnees/api.test.ts (9 tests) 11ms
 ✓ src/app/magasin.metier.test.ts (2 tests) 4ms
 ✓ src/app/magasin.test.ts (2 tests) 4ms
 ✓ src/moteur/chronologie.test.ts (4 tests) 2ms

 Test Files  19 passed (19)
      Tests  290 passed (290)
   Start at  18:00:12
   Duration  1.12s (transform 584ms, setup 0ms, collect 1.62s, tests 365ms, environment 2ms, prepare 1.21s)

✔ un asset manque : aucune partie de la publication existante ne bouge (8.137791ms)
✔ les ressources non inventoriees ou alterees refusent la distribution (4.530166ms)
✔ un lien vers le depot ne peut devenir une sortie de publication (1.7425ms)
✔ les ressources precedent l index, le service worker vient en dernier (11.128375ms)
✔ les sources en lecture seule construisent ; un build refuse conserve l index (8142.6665ms)
ℹ tests 5
ℹ suites 0
ℹ pass 5
ℹ fail 0
ℹ cancelled 0
ℹ skipped 0
ℹ todo 0
ℹ duration_ms 8279.568458
