
> academie-client@2.0.0 test
> vitest run && node --test tests/publication.test.mjs


 RUN  v2.1.8 /Users/jb/Code/academie/web

 ✓ src/moteur/progressionAvancee.test.ts (5 tests) 2ms
 ✓ tests/hotes.test.ts (66 tests) 25ms
 ✓ src/moteur/serviceabilite.test.ts (10 tests) 6ms
 ✓ src/moteur/journal.monotone.test.ts (7 tests) 9ms
 ✓ src/moteur/journal.relecture.test.ts (13 tests) 57ms
 ✓ src/moteur/parite-arbre.test.ts (31 tests) 6ms
 ✓ src/moteur/parite-semaine.test.ts (29 tests) 11ms
 ✓ src/moteur/parite.test.ts (39 tests) 24ms
 ✓ src/moteur/journal.test.ts (18 tests) 128ms
 ✓ src/moteur/etude.relecture.test.ts (8 tests) 4ms
 ✓ tests/voix.test.ts (25 tests) 15ms
 ✓ src/donnees/banque.test.ts (2 tests) 9ms
 ✓ src/app/magasin.metier.test.ts (2 tests) 4ms
 ✓ src/moteur/etude.test.ts (4 tests) 5ms
 ✓ tests/contrastes.test.ts (2 tests) 4ms
 ✓ src/donnees/api.etude.test.ts (13 tests) 21ms
 ✓ src/app/compte.test.ts (3 tests) 4ms
 ✓ src/app/magasin.test.ts (2 tests) 4ms
 ✓ src/moteur/chronologie.test.ts (4 tests) 2ms
 ✓ src/donnees/api.test.ts (9 tests) 5ms

 Test Files  20 passed (20)
      Tests  292 passed (292)
   Start at  18:20:23
   Duration  993ms (transform 578ms, setup 0ms, collect 1.50s, tests 347ms, environment 2ms, prepare 1.49s)

✔ un asset manque : aucune partie de la publication existante ne bouge (8.11925ms)
✔ les ressources non inventoriees ou alterees refusent la distribution (4.303167ms)
✔ un lien vers le depot ne peut devenir une sortie de publication (1.12425ms)
✔ les ressources precedent l index, le service worker vient en dernier (10.445916ms)
✔ les sources en lecture seule construisent ; un build refuse conserve l index (8146.297041ms)
✔ un catalogue absent refuse une publication inutilisable à la première connexion (6.164917ms)
ℹ tests 6
ℹ suites 0
ℹ pass 6
ℹ fail 0
ℹ cancelled 0
ℹ skipped 0
ℹ todo 0
ℹ duration_ms 8229.097042
