✓ frontières étude
✓ expérience pédagogique
✓ chronologie adversaire
✓ chronologie du journal
✓ moteur FSRS
✓ séance du jour
✓ carte-monde
✓ quiz + carnet d'erreurs
✓ chaîne donnée → écran
✓ chapitres v2
✓ preparation migration v2
✓ usine pas à pas
✓ programme
✓ programme IFSI 2026
✓ corrections copro et artefacts
✓ serveur d'état
✓ registre des sources
✓ rituel
✓ export Anki
✓ banque réelle — banque : 84 carte(s) — 4 brouillon, 4 signale, 76 valide
✓ chapitres réels — chapitres : 6 chapitre(s), 31 carte(s) — 4 brouillon, 27 valide ; notes A 23, B 4, C 4

TOUT VERT.
